<?xml version="1.0" encoding="ISO-8859-1" ?>
<link_info>
   <banner>TI ARM Linker PC v20.2.1.LTS</banner>
   <copyright>Copyright (c) 1996-2018 Texas Instruments Incorporated</copyright>
   <link_time>0x5fa25996</link_time>
   <link_errors>0x0</link_errors>
   <output_file>Clock_V_5.3.out</output_file>
   <entry_point>
      <name>_c_int00_noargs</name>
      <address>0x1aa5</address>
   </entry_point>
   <input_file_list>
      <input_file id="fl-2">
         <path>.\</path>
         <kind>object</kind>
         <file>main.obj</file>
         <name>main.obj</name>
      </input_file>
      <input_file id="fl-3">
         <path>.\</path>
         <kind>object</kind>
         <file>tm4c123gh6pm_startup_ccs.obj</file>
         <name>tm4c123gh6pm_startup_ccs.obj</name>
      </input_file>
      <input_file id="fl-4">
         <path>.\AppLayer\Clock_Configuration_Task\</path>
         <kind>object</kind>
         <file>Clock_Configuration_Task.obj</file>
         <name>Clock_Configuration_Task.obj</name>
      </input_file>
      <input_file id="fl-5">
         <path>.\AppLayer\Display_Task\</path>
         <kind>object</kind>
         <file>Display_Task.obj</file>
         <name>Display_Task.obj</name>
      </input_file>
      <input_file id="fl-6">
         <path>.\AppLayer\Remote_Task\</path>
         <kind>object</kind>
         <file>Remote_Task.obj</file>
         <name>Remote_Task.obj</name>
      </input_file>
      <input_file id="fl-7">
         <path>.\HAL\7Seg\</path>
         <kind>object</kind>
         <file>Seven_Seg_Prog.obj</file>
         <name>Seven_Seg_Prog.obj</name>
      </input_file>
      <input_file id="fl-8">
         <path>.\HAL\DIP_SW\</path>
         <kind>object</kind>
         <file>DIP_SW.obj</file>
         <name>DIP_SW.obj</name>
      </input_file>
      <input_file id="fl-9">
         <path>.\HAL\IR\</path>
         <kind>object</kind>
         <file>IR_Prog.obj</file>
         <name>IR_Prog.obj</name>
      </input_file>
      <input_file id="fl-a">
         <path>.\HAL\LED\</path>
         <kind>object</kind>
         <file>LED_Prog.obj</file>
         <name>LED_Prog.obj</name>
      </input_file>
      <input_file id="fl-b">
         <path>.\Helper_Tasks\Real_Time\</path>
         <kind>object</kind>
         <file>Real_Time.obj</file>
         <name>Real_Time.obj</name>
      </input_file>
      <input_file id="fl-c">
         <path>.\Helper_Tasks\Timer_Counter\</path>
         <kind>object</kind>
         <file>TC_Prog.obj</file>
         <name>TC_Prog.obj</name>
      </input_file>
      <input_file id="fl-d">
         <path>.\MCAL\CAN\</path>
         <kind>object</kind>
         <file>CAN_Prog.obj</file>
         <name>CAN_Prog.obj</name>
      </input_file>
      <input_file id="fl-e">
         <path>.\MCAL\GPIO\</path>
         <kind>object</kind>
         <file>GPIO_Prog.obj</file>
         <name>GPIO_Prog.obj</name>
      </input_file>
      <input_file id="fl-f">
         <path>.\MCAL\GPT\</path>
         <kind>object</kind>
         <file>GPT_Prog.obj</file>
         <name>GPT_Prog.obj</name>
      </input_file>
      <input_file id="fl-10">
         <path>.\MCAL\PLL\</path>
         <kind>object</kind>
         <file>PLL.obj</file>
         <name>PLL.obj</name>
      </input_file>
      <input_file id="fl-11">
         <path>.\MCAL\SysTick\</path>
         <kind>object</kind>
         <file>Systick.obj</file>
         <name>Systick.obj</name>
      </input_file>
      <input_file id="fl-12">
         <path>.\MCAL\UART\</path>
         <kind>object</kind>
         <file>UART_Prog.obj</file>
         <name>UART_Prog.obj</name>
      </input_file>
      <input_file id="fl-13">
         <path>.\UTL\</path>
         <kind>object</kind>
         <file>Common_Func.obj</file>
         <name>Common_Func.obj</name>
      </input_file>
      <input_file id="fl-17">
         <kind>object</kind>
         <file>&lt;internal&gt;</file>
         <name>&lt;internal&gt;</name>
      </input_file>
      <input_file id="fl-cd">
         <path>C:\ti\ccs1010\ccs\tools\compiler\ti-cgt-arm_20.2.1.LTS\lib\</path>
         <kind>archive</kind>
         <file>rtsv7M4_T_le_v4SPD16_eabi.lib</file>
         <name>copy_zero_init.c.obj</name>
      </input_file>
      <input_file id="fl-ce">
         <path>C:\ti\ccs1010\ccs\tools\compiler\ti-cgt-arm_20.2.1.LTS\lib\</path>
         <kind>archive</kind>
         <file>rtsv7M4_T_le_v4SPD16_eabi.lib</file>
         <name>copy_decompress_none.c.obj</name>
      </input_file>
      <input_file id="fl-cf">
         <path>C:\ti\ccs1010\ccs\tools\compiler\ti-cgt-arm_20.2.1.LTS\lib\</path>
         <kind>archive</kind>
         <file>rtsv7M4_T_le_v4SPD16_eabi.lib</file>
         <name>copy_decompress_lzss.c.obj</name>
      </input_file>
      <input_file id="fl-d0">
         <path>C:\ti\ccs1010\ccs\tools\compiler\ti-cgt-arm_20.2.1.LTS\lib\</path>
         <kind>archive</kind>
         <file>rtsv7M4_T_le_v4SPD16_eabi.lib</file>
         <name>strcpy.c.obj</name>
      </input_file>
      <input_file id="fl-d1">
         <path>C:\ti\ccs1010\ccs\tools\compiler\ti-cgt-arm_20.2.1.LTS\lib\</path>
         <kind>archive</kind>
         <file>rtsv7M4_T_le_v4SPD16_eabi.lib</file>
         <name>boot_cortex_m.c.obj</name>
      </input_file>
      <input_file id="fl-d2">
         <path>C:\ti\ccs1010\ccs\tools\compiler\ti-cgt-arm_20.2.1.LTS\lib\</path>
         <kind>archive</kind>
         <file>rtsv7M4_T_le_v4SPD16_eabi.lib</file>
         <name>memset_t2.asm.obj</name>
      </input_file>
      <input_file id="fl-d3">
         <path>C:\ti\ccs1010\ccs\tools\compiler\ti-cgt-arm_20.2.1.LTS\lib\</path>
         <kind>archive</kind>
         <file>rtsv7M4_T_le_v4SPD16_eabi.lib</file>
         <name>memcpy_t2.asm.obj</name>
      </input_file>
      <input_file id="fl-d4">
         <path>C:\ti\ccs1010\ccs\tools\compiler\ti-cgt-arm_20.2.1.LTS\lib\</path>
         <kind>archive</kind>
         <file>rtsv7M4_T_le_v4SPD16_eabi.lib</file>
         <name>autoinit.c.obj</name>
      </input_file>
      <input_file id="fl-d5">
         <path>C:\ti\ccs1010\ccs\tools\compiler\ti-cgt-arm_20.2.1.LTS\lib\</path>
         <kind>archive</kind>
         <file>rtsv7M4_T_le_v4SPD16_eabi.lib</file>
         <name>pre_init.c.obj</name>
      </input_file>
      <input_file id="fl-d6">
         <path>C:\ti\ccs1010\ccs\tools\compiler\ti-cgt-arm_20.2.1.LTS\lib\</path>
         <kind>archive</kind>
         <file>rtsv7M4_T_le_v4SPD16_eabi.lib</file>
         <name>cpy_tbl.c.obj</name>
      </input_file>
      <input_file id="fl-d7">
         <path>C:\ti\ccs1010\ccs\tools\compiler\ti-cgt-arm_20.2.1.LTS\lib\</path>
         <kind>archive</kind>
         <file>rtsv7M4_T_le_v4SPD16_eabi.lib</file>
         <name>exit.c.obj</name>
      </input_file>
      <input_file id="fl-d8">
         <path>C:\ti\ccs1010\ccs\tools\compiler\ti-cgt-arm_20.2.1.LTS\lib\</path>
         <kind>archive</kind>
         <file>rtsv7M4_T_le_v4SPD16_eabi.lib</file>
         <name>_lock.c.obj</name>
      </input_file>
      <input_file id="fl-d9">
         <path>C:\ti\ccs1010\ccs\tools\compiler\ti-cgt-arm_20.2.1.LTS\lib\</path>
         <kind>archive</kind>
         <file>rtsv7M4_T_le_v4SPD16_eabi.lib</file>
         <name>args_main.c.obj</name>
      </input_file>
   </input_file_list>
   <object_component_list>
      <object_component id="oc-12">
         <name>.intvecs</name>
         <load_address>0x0</load_address>
         <run_address>0x0</run_address>
         <size>0x26c</size>
         <input_file_ref idref="fl-3"/>
      </object_component>
      <object_component id="oc-3f">
         <name>.text</name>
         <load_address>0x26c</load_address>
         <run_address>0x26c</run_address>
         <size>0xbf0</size>
         <input_file_ref idref="fl-d"/>
      </object_component>
      <object_component id="oc-33">
         <name>.text</name>
         <load_address>0xe5c</load_address>
         <run_address>0xe5c</run_address>
         <size>0x6cc</size>
         <input_file_ref idref="fl-12"/>
      </object_component>
      <object_component id="oc-39">
         <name>.text</name>
         <load_address>0x1528</load_address>
         <run_address>0x1528</run_address>
         <size>0x1e4</size>
         <input_file_ref idref="fl-f"/>
      </object_component>
      <object_component id="oc-8e">
         <name>.text</name>
         <load_address>0x170c</load_address>
         <run_address>0x170c</run_address>
         <size>0xa0</size>
         <input_file_ref idref="fl-13"/>
      </object_component>
      <object_component id="oc-53">
         <name>.text</name>
         <load_address>0x17ac</load_address>
         <run_address>0x17ac</run_address>
         <size>0x9c</size>
         <input_file_ref idref="fl-d3"/>
      </object_component>
      <object_component id="oc-2d">
         <name>.text</name>
         <load_address>0x1848</load_address>
         <run_address>0x1848</run_address>
         <size>0x80</size>
         <input_file_ref idref="fl-11"/>
      </object_component>
      <object_component id="oc-fe">
         <name>.text</name>
         <load_address>0x18c8</load_address>
         <run_address>0x18c8</run_address>
         <size>0x7a</size>
         <input_file_ref idref="fl-d2"/>
      </object_component>
      <object_component id="oc-15c">
         <name>.text</name>
         <load_address>0x1944</load_address>
         <run_address>0x1944</run_address>
         <size>0x78</size>
         <input_file_ref idref="fl-10"/>
      </object_component>
      <object_component id="oc-15">
         <name>.text:decompress:lzss:__TI_decompress_lzss</name>
         <load_address>0x19bc</load_address>
         <run_address>0x19bc</run_address>
         <size>0x68</size>
         <input_file_ref idref="fl-cf"/>
      </object_component>
      <object_component id="oc-175">
         <name>.text:__TI_auto_init_nobinit_nopinit:__TI_auto_init_nobinit_nopinit</name>
         <load_address>0x1a24</load_address>
         <run_address>0x1a24</run_address>
         <size>0x44</size>
         <input_file_ref idref="fl-d4"/>
      </object_component>
      <object_component id="oc-10a">
         <name>.text</name>
         <load_address>0x1a68</load_address>
         <run_address>0x1a68</run_address>
         <size>0x3c</size>
         <input_file_ref idref="fl-2"/>
      </object_component>
      <object_component id="oc-71">
         <name>.text:_c_int00_noargs:_c_int00_noargs</name>
         <load_address>0x1aa4</load_address>
         <run_address>0x1aa4</run_address>
         <size>0x34</size>
         <input_file_ref idref="fl-d1"/>
      </object_component>
      <object_component id="oc-97">
         <name>.text:strcpy</name>
         <load_address>0x1ad8</load_address>
         <run_address>0x1ad8</run_address>
         <size>0x14</size>
         <input_file_ref idref="fl-d0"/>
      </object_component>
      <object_component id="oc-1b">
         <name>.text:decompress:none:__TI_decompress_none</name>
         <load_address>0x1aec</load_address>
         <run_address>0x1aec</run_address>
         <size>0xe</size>
         <input_file_ref idref="fl-ce"/>
      </object_component>
      <object_component id="oc-65">
         <name>.text:decompress:ZI:__TI_zero_init</name>
         <load_address>0x1afa</load_address>
         <run_address>0x1afa</run_address>
         <size>0xc</size>
         <input_file_ref idref="fl-cd"/>
      </object_component>
      <object_component id="oc-27">
         <name>.text</name>
         <load_address>0x1b06</load_address>
         <run_address>0x1b06</run_address>
         <size>0xc</size>
         <input_file_ref idref="fl-3"/>
      </object_component>
      <object_component id="oc-104">
         <name>.text:_system_pre_init</name>
         <load_address>0x1b12</load_address>
         <run_address>0x1b12</run_address>
         <size>0x4</size>
         <input_file_ref idref="fl-d5"/>
      </object_component>
      <object_component id="oc-169">
         <name>.text:abort:abort</name>
         <load_address>0x1b16</load_address>
         <run_address>0x1b16</run_address>
         <size>0x4</size>
         <input_file_ref idref="fl-d7"/>
      </object_component>
      <object_component id="oc-162">
         <name>.const:$P$T0$1</name>
         <load_address>0x1b1c</load_address>
         <run_address>0x1b1c</run_address>
         <size>0x10</size>
         <input_file_ref idref="fl-2"/>
      </object_component>
      <object_component id="oc-165">
         <name>.const:$P$T1$2</name>
         <load_address>0x1b2c</load_address>
         <run_address>0x1b2c</run_address>
         <size>0x10</size>
         <input_file_ref idref="fl-2"/>
      </object_component>
      <object_component id="oc-9d">
         <name>.const:.string:Uart_IRQ_list</name>
         <load_address>0x1b3c</load_address>
         <run_address>0x1b3c</run_address>
         <size>0x8</size>
         <input_file_ref idref="fl-12"/>
      </object_component>
      <object_component id="oc-232">
         <name>.cinit..data.load</name>
         <load_address>0x1b48</load_address>
         <run_address>0x1b48</run_address>
         <size>0x58</size>
      </object_component>
      <object_component id="oc-230">
         <name>__TI_handler_table</name>
         <load_address>0x1ba0</load_address>
         <run_address>0x1ba0</run_address>
         <size>0xc</size>
      </object_component>
      <object_component id="oc-233">
         <name>.cinit..bss.load</name>
         <load_address>0x1bb0</load_address>
         <run_address>0x1bb0</run_address>
         <size>0x8</size>
      </object_component>
      <object_component id="oc-231">
         <name>__TI_cinit_table</name>
         <load_address>0x1bb8</load_address>
         <run_address>0x1bb8</run_address>
         <size>0x10</size>
      </object_component>
      <object_component id="oc-c3">
         <name>.data:TIMER</name>
         <load_address>0x2000069c</load_address>
         <run_address>0x2000069c</run_address>
         <size>0x6</size>
         <input_file_ref idref="fl-f"/>
      </object_component>
      <object_component id="oc-89">
         <name>.data</name>
         <load_address>0x20000672</load_address>
         <run_address>0x20000672</run_address>
         <size>0x2</size>
         <input_file_ref idref="fl-11"/>
      </object_component>
      <object_component id="oc-94">
         <name>.data:UART</name>
         <load_address>0x20000641</load_address>
         <run_address>0x20000641</run_address>
         <size>0x30</size>
         <input_file_ref idref="fl-12"/>
      </object_component>
      <object_component id="oc-a0">
         <name>.data</name>
         <load_address>0x20000600</load_address>
         <run_address>0x20000600</run_address>
         <size>0x41</size>
         <input_file_ref idref="fl-12"/>
      </object_component>
      <object_component id="oc-120">
         <name>.data:NVIC_Enable_Rs</name>
         <load_address>0x20000688</load_address>
         <run_address>0x20000688</run_address>
         <size>0x14</size>
         <input_file_ref idref="fl-13"/>
      </object_component>
      <object_component id="oc-123">
         <name>.data:NVIC_Disable_Rs</name>
         <load_address>0x20000674</load_address>
         <run_address>0x20000674</run_address>
         <size>0x14</size>
         <input_file_ref idref="fl-13"/>
      </object_component>
      <object_component id="oc-cf">
         <name>.common:ReceivedData</name>
         <uninitialized>true</uninitialized>
         <run_address>0x200001f4</run_address>
         <size>0x120</size>
      </object_component>
      <object_component id="oc-c6">
         <name>.common:Periodic_Task</name>
         <uninitialized>true</uninitialized>
         <run_address>0x20000314</run_address>
         <size>0x50</size>
      </object_component>
      <object_component id="oc-86">
         <name>.common:CallBack</name>
         <uninitialized>true</uninitialized>
         <run_address>0x200003f4</run_address>
         <size>0x4</size>
      </object_component>
      <object_component id="oc-8c">
         <name>.common:CallBackPassed</name>
         <uninitialized>true</uninitialized>
         <run_address>0x200003f8</run_address>
         <size>0x4</size>
      </object_component>
      <object_component id="oc-a3">
         <name>.common:Uart0_Receive</name>
         <uninitialized>true</uninitialized>
         <run_address>0x20000364</run_address>
         <size>0x14</size>
      </object_component>
      <object_component id="oc-a6">
         <name>.common:Uart1_Receive</name>
         <uninitialized>true</uninitialized>
         <run_address>0x20000378</run_address>
         <size>0x14</size>
      </object_component>
      <object_component id="oc-a7">
         <name>.common:Uart2_Receive</name>
         <uninitialized>true</uninitialized>
         <run_address>0x200003dc</run_address>
         <size>0xc</size>
      </object_component>
      <object_component id="oc-a8">
         <name>.common:Uart3_Receive</name>
         <uninitialized>true</uninitialized>
         <run_address>0x2000038c</run_address>
         <size>0x14</size>
      </object_component>
      <object_component id="oc-a9">
         <name>.common:Uart4_Receive</name>
         <uninitialized>true</uninitialized>
         <run_address>0x200003a0</run_address>
         <size>0x14</size>
      </object_component>
      <object_component id="oc-aa">
         <name>.common:Uart5_Receive</name>
         <uninitialized>true</uninitialized>
         <run_address>0x200003e8</run_address>
         <size>0xc</size>
      </object_component>
      <object_component id="oc-ab">
         <name>.common:Uart6_Receive</name>
         <uninitialized>true</uninitialized>
         <run_address>0x200003b4</run_address>
         <size>0x14</size>
      </object_component>
      <object_component id="oc-ac">
         <name>.common:Uart7_Receive</name>
         <uninitialized>true</uninitialized>
         <run_address>0x200003c8</run_address>
         <size>0x14</size>
      </object_component>
      <object_component id="oc-ad">
         <name>.common:arrBack</name>
         <uninitialized>true</uninitialized>
         <run_address>0x20000000</run_address>
         <size>0x1f4</size>
      </object_component>
      <object_component id="oc-24">
         <name>.stack</name>
         <uninitialized>true</uninitialized>
         <run_address>0x20000400</run_address>
         <size>0x4</size>
         <input_file_ref idref="fl-d1"/>
      </object_component>
      <object_component id="oc-235">
         <name>.stack</name>
         <uninitialized>true</uninitialized>
         <run_address>0x20000400</run_address>
         <size>0x0</size>
      </object_component>
      <object_component id="oc-13f">
         <name>.debug_info</name>
         <load_address>0x0</load_address>
         <run_address>0x0</run_address>
         <size>0x2fb</size>
         <input_file_ref idref="fl-2"/>
      </object_component>
      <object_component id="oc-163">
         <name>.debug_info</name>
         <load_address>0x2fb</load_address>
         <run_address>0x2fb</run_address>
         <size>0xd5</size>
         <input_file_ref idref="fl-2"/>
      </object_component>
      <object_component id="oc-166">
         <name>.debug_info</name>
         <load_address>0x3d0</load_address>
         <run_address>0x3d0</run_address>
         <size>0xd5</size>
         <input_file_ref idref="fl-2"/>
      </object_component>
      <object_component id="oc-10b">
         <name>.debug_info</name>
         <load_address>0x4a5</load_address>
         <run_address>0x4a5</run_address>
         <size>0x153</size>
         <input_file_ref idref="fl-2"/>
      </object_component>
      <object_component id="oc-142">
         <name>.debug_info</name>
         <load_address>0x5f8</load_address>
         <run_address>0x5f8</run_address>
         <size>0x84</size>
         <input_file_ref idref="fl-2"/>
      </object_component>
      <object_component id="oc-d8">
         <name>.debug_info</name>
         <load_address>0x67c</load_address>
         <run_address>0x67c</run_address>
         <size>0x50</size>
         <input_file_ref idref="fl-2"/>
      </object_component>
      <object_component id="oc-af">
         <name>.debug_info</name>
         <load_address>0x6cc</load_address>
         <run_address>0x6cc</run_address>
         <size>0x16b</size>
         <input_file_ref idref="fl-2"/>
      </object_component>
      <object_component id="oc-be">
         <name>.debug_info</name>
         <load_address>0x837</load_address>
         <run_address>0x837</run_address>
         <size>0x9e</size>
         <input_file_ref idref="fl-2"/>
      </object_component>
      <object_component id="oc-d3">
         <name>.debug_info</name>
         <load_address>0x8d5</load_address>
         <run_address>0x8d5</run_address>
         <size>0x43b</size>
         <input_file_ref idref="fl-2"/>
      </object_component>
      <object_component id="oc-ca">
         <name>.debug_info</name>
         <load_address>0xd10</load_address>
         <run_address>0xd10</run_address>
         <size>0x1be</size>
         <input_file_ref idref="fl-2"/>
      </object_component>
      <object_component id="oc-13a">
         <name>.debug_info</name>
         <load_address>0xece</load_address>
         <run_address>0xece</run_address>
         <size>0x34e</size>
         <input_file_ref idref="fl-2"/>
      </object_component>
      <object_component id="oc-b4">
         <name>.debug_info</name>
         <load_address>0x121c</load_address>
         <run_address>0x121c</run_address>
         <size>0x84</size>
         <input_file_ref idref="fl-2"/>
      </object_component>
      <object_component id="oc-df">
         <name>.debug_info</name>
         <load_address>0x12a0</load_address>
         <run_address>0x12a0</run_address>
         <size>0x26b</size>
         <input_file_ref idref="fl-2"/>
      </object_component>
      <object_component id="oc-131">
         <name>.debug_info</name>
         <load_address>0x150b</load_address>
         <run_address>0x150b</run_address>
         <size>0xae</size>
         <input_file_ref idref="fl-2"/>
      </object_component>
      <object_component id="oc-4e">
         <name>.debug_info</name>
         <load_address>0x15b9</load_address>
         <run_address>0x15b9</run_address>
         <size>0x84</size>
         <input_file_ref idref="fl-2"/>
      </object_component>
      <object_component id="oc-147">
         <name>.debug_info</name>
         <load_address>0x163d</load_address>
         <run_address>0x163d</run_address>
         <size>0x2a4</size>
         <input_file_ref idref="fl-2"/>
      </object_component>
      <object_component id="oc-e4">
         <name>.debug_info</name>
         <load_address>0x18e1</load_address>
         <run_address>0x18e1</run_address>
         <size>0xbb</size>
         <input_file_ref idref="fl-2"/>
      </object_component>
      <object_component id="oc-b9">
         <name>.debug_info</name>
         <load_address>0x199c</load_address>
         <run_address>0x199c</run_address>
         <size>0xfc</size>
         <input_file_ref idref="fl-2"/>
      </object_component>
      <object_component id="oc-153">
         <name>.debug_info</name>
         <load_address>0x1a98</load_address>
         <run_address>0x1a98</run_address>
         <size>0x2c</size>
         <input_file_ref idref="fl-2"/>
      </object_component>
      <object_component id="oc-47">
         <name>.debug_info</name>
         <load_address>0x1ac4</load_address>
         <run_address>0x1ac4</run_address>
         <size>0x53b</size>
         <input_file_ref idref="fl-3"/>
      </object_component>
      <object_component id="oc-13">
         <name>.debug_info</name>
         <load_address>0x1fff</load_address>
         <run_address>0x1fff</run_address>
         <size>0xf4</size>
         <input_file_ref idref="fl-3"/>
      </object_component>
      <object_component id="oc-28">
         <name>.debug_info</name>
         <load_address>0x20f3</load_address>
         <run_address>0x20f3</run_address>
         <size>0x273</size>
         <input_file_ref idref="fl-3"/>
      </object_component>
      <object_component id="oc-d0">
         <name>.debug_info</name>
         <load_address>0x2366</load_address>
         <run_address>0x2366</run_address>
         <size>0x2d4</size>
         <input_file_ref idref="fl-d"/>
      </object_component>
      <object_component id="oc-40">
         <name>.debug_info</name>
         <load_address>0x263a</load_address>
         <run_address>0x263a</run_address>
         <size>0xc53</size>
         <input_file_ref idref="fl-d"/>
      </object_component>
      <object_component id="oc-c7">
         <name>.debug_info</name>
         <load_address>0x328d</load_address>
         <run_address>0x328d</run_address>
         <size>0x2ed</size>
         <input_file_ref idref="fl-f"/>
      </object_component>
      <object_component id="oc-c4">
         <name>.debug_info</name>
         <load_address>0x357a</load_address>
         <run_address>0x357a</run_address>
         <size>0xdf</size>
         <input_file_ref idref="fl-f"/>
      </object_component>
      <object_component id="oc-3c">
         <name>.debug_info</name>
         <load_address>0x3659</load_address>
         <run_address>0x3659</run_address>
         <size>0x65f</size>
         <input_file_ref idref="fl-f"/>
      </object_component>
      <object_component id="oc-15f">
         <name>.debug_info</name>
         <load_address>0x3cb8</load_address>
         <run_address>0x3cb8</run_address>
         <size>0x11e</size>
         <input_file_ref idref="fl-10"/>
      </object_component>
      <object_component id="oc-87">
         <name>.debug_info</name>
         <load_address>0x3dd6</load_address>
         <run_address>0x3dd6</run_address>
         <size>0x2cf</size>
         <input_file_ref idref="fl-11"/>
      </object_component>
      <object_component id="oc-8a">
         <name>.debug_info</name>
         <load_address>0x40a5</load_address>
         <run_address>0x40a5</run_address>
         <size>0xda</size>
         <input_file_ref idref="fl-11"/>
      </object_component>
      <object_component id="oc-2e">
         <name>.debug_info</name>
         <load_address>0x417f</load_address>
         <run_address>0x417f</run_address>
         <size>0x26a</size>
         <input_file_ref idref="fl-11"/>
      </object_component>
      <object_component id="oc-a4">
         <name>.debug_info</name>
         <load_address>0x43e9</load_address>
         <run_address>0x43e9</run_address>
         <size>0x4b9</size>
         <input_file_ref idref="fl-12"/>
      </object_component>
      <object_component id="oc-9e">
         <name>.debug_info</name>
         <load_address>0x48a2</load_address>
         <run_address>0x48a2</run_address>
         <size>0xf0</size>
         <input_file_ref idref="fl-12"/>
      </object_component>
      <object_component id="oc-95">
         <name>.debug_info</name>
         <load_address>0x4992</load_address>
         <run_address>0x4992</run_address>
         <size>0xdf</size>
         <input_file_ref idref="fl-12"/>
      </object_component>
      <object_component id="oc-a1">
         <name>.debug_info</name>
         <load_address>0x4a71</load_address>
         <run_address>0x4a71</run_address>
         <size>0x30f</size>
         <input_file_ref idref="fl-12"/>
      </object_component>
      <object_component id="oc-35">
         <name>.debug_info</name>
         <load_address>0x4d80</load_address>
         <run_address>0x4d80</run_address>
         <size>0x82d</size>
         <input_file_ref idref="fl-12"/>
      </object_component>
      <object_component id="oc-1a9">
         <name>.debug_info</name>
         <load_address>0x55ad</load_address>
         <run_address>0x55ad</run_address>
         <size>0x287</size>
         <input_file_ref idref="fl-13"/>
      </object_component>
      <object_component id="oc-121">
         <name>.debug_info</name>
         <load_address>0x5834</load_address>
         <run_address>0x5834</run_address>
         <size>0xef</size>
         <input_file_ref idref="fl-13"/>
      </object_component>
      <object_component id="oc-124">
         <name>.debug_info</name>
         <load_address>0x5923</load_address>
         <run_address>0x5923</run_address>
         <size>0xf1</size>
         <input_file_ref idref="fl-13"/>
      </object_component>
      <object_component id="oc-90">
         <name>.debug_info</name>
         <load_address>0x5a14</load_address>
         <run_address>0x5a14</run_address>
         <size>0x344</size>
         <input_file_ref idref="fl-13"/>
      </object_component>
      <object_component id="oc-fd">
         <name>.debug_info</name>
         <load_address>0x5d58</load_address>
         <run_address>0x5d58</run_address>
         <size>0x2d4</size>
         <input_file_ref idref="fl-cd"/>
      </object_component>
      <object_component id="oc-67">
         <name>.debug_info</name>
         <load_address>0x602c</load_address>
         <run_address>0x602c</run_address>
         <size>0x1b5</size>
         <input_file_ref idref="fl-cd"/>
      </object_component>
      <object_component id="oc-f8">
         <name>.debug_info</name>
         <load_address>0x61e1</load_address>
         <run_address>0x61e1</run_address>
         <size>0x46</size>
         <input_file_ref idref="fl-cd"/>
      </object_component>
      <object_component id="oc-5e">
         <name>.debug_info</name>
         <load_address>0x6227</load_address>
         <run_address>0x6227</run_address>
         <size>0x2a8</size>
         <input_file_ref idref="fl-ce"/>
      </object_component>
      <object_component id="oc-1c">
         <name>.debug_info</name>
         <load_address>0x64cf</load_address>
         <run_address>0x64cf</run_address>
         <size>0x1ea</size>
         <input_file_ref idref="fl-ce"/>
      </object_component>
      <object_component id="oc-59">
         <name>.debug_info</name>
         <load_address>0x66b9</load_address>
         <run_address>0x66b9</run_address>
         <size>0x46</size>
         <input_file_ref idref="fl-ce"/>
      </object_component>
      <object_component id="oc-f0">
         <name>.debug_info</name>
         <load_address>0x66ff</load_address>
         <run_address>0x66ff</run_address>
         <size>0x2c</size>
         <input_file_ref idref="fl-ce"/>
      </object_component>
      <object_component id="oc-ee">
         <name>.debug_info</name>
         <load_address>0x672b</load_address>
         <run_address>0x672b</run_address>
         <size>0x29e</size>
         <input_file_ref idref="fl-cf"/>
      </object_component>
      <object_component id="oc-17">
         <name>.debug_info</name>
         <load_address>0x69c9</load_address>
         <run_address>0x69c9</run_address>
         <size>0x250</size>
         <input_file_ref idref="fl-cf"/>
      </object_component>
      <object_component id="oc-49">
         <name>.debug_info</name>
         <load_address>0x6c19</load_address>
         <run_address>0x6c19</run_address>
         <size>0x60</size>
         <input_file_ref idref="fl-cf"/>
      </object_component>
      <object_component id="oc-14c">
         <name>.debug_info</name>
         <load_address>0x6c79</load_address>
         <run_address>0x6c79</run_address>
         <size>0x46</size>
         <input_file_ref idref="fl-cf"/>
      </object_component>
      <object_component id="oc-e9">
         <name>.debug_info</name>
         <load_address>0x6cbf</load_address>
         <run_address>0x6cbf</run_address>
         <size>0x39</size>
         <input_file_ref idref="fl-cf"/>
      </object_component>
      <object_component id="oc-12a">
         <name>.debug_info</name>
         <load_address>0x6cf8</load_address>
         <run_address>0x6cf8</run_address>
         <size>0x2a4</size>
         <input_file_ref idref="fl-d0"/>
      </object_component>
      <object_component id="oc-98">
         <name>.debug_info</name>
         <load_address>0x6f9c</load_address>
         <run_address>0x6f9c</run_address>
         <size>0x24d</size>
         <input_file_ref idref="fl-d0"/>
      </object_component>
      <object_component id="oc-25">
         <name>.debug_info</name>
         <load_address>0x71e9</load_address>
         <run_address>0x71e9</run_address>
         <size>0x10b</size>
         <input_file_ref idref="fl-d1"/>
      </object_component>
      <object_component id="oc-75">
         <name>.debug_info</name>
         <load_address>0x72f4</load_address>
         <run_address>0x72f4</run_address>
         <size>0x1a9</size>
         <input_file_ref idref="fl-d1"/>
      </object_component>
      <object_component id="oc-ff">
         <name>.debug_info</name>
         <load_address>0x749d</load_address>
         <run_address>0x749d</run_address>
         <size>0x147</size>
         <input_file_ref idref="fl-d2"/>
      </object_component>
      <object_component id="oc-54">
         <name>.debug_info</name>
         <load_address>0x75e4</load_address>
         <run_address>0x75e4</run_address>
         <size>0x119</size>
         <input_file_ref idref="fl-d3"/>
      </object_component>
      <object_component id="oc-1c0">
         <name>.debug_info</name>
         <load_address>0x76fd</load_address>
         <run_address>0x76fd</run_address>
         <size>0x4b3</size>
         <input_file_ref idref="fl-d4"/>
      </object_component>
      <object_component id="oc-176">
         <name>.debug_info</name>
         <load_address>0x7bb0</load_address>
         <run_address>0x7bb0</run_address>
         <size>0x1a6</size>
         <input_file_ref idref="fl-d4"/>
      </object_component>
      <object_component id="oc-1e7">
         <name>.debug_info</name>
         <load_address>0x7d56</load_address>
         <run_address>0x7d56</run_address>
         <size>0x39</size>
         <input_file_ref idref="fl-d4"/>
      </object_component>
      <object_component id="oc-1fb">
         <name>.debug_info</name>
         <load_address>0x7d8f</load_address>
         <run_address>0x7d8f</run_address>
         <size>0x39</size>
         <input_file_ref idref="fl-d4"/>
      </object_component>
      <object_component id="oc-1ec">
         <name>.debug_info</name>
         <load_address>0x7dc8</load_address>
         <run_address>0x7dc8</run_address>
         <size>0x39</size>
         <input_file_ref idref="fl-d4"/>
      </object_component>
      <object_component id="oc-1f1">
         <name>.debug_info</name>
         <load_address>0x7e01</load_address>
         <run_address>0x7e01</run_address>
         <size>0xcd</size>
         <input_file_ref idref="fl-d4"/>
      </object_component>
      <object_component id="oc-105">
         <name>.debug_info</name>
         <load_address>0x7ece</load_address>
         <run_address>0x7ece</run_address>
         <size>0x153</size>
         <input_file_ref idref="fl-d5"/>
      </object_component>
      <object_component id="oc-16a">
         <name>.debug_info</name>
         <load_address>0x8021</load_address>
         <run_address>0x8021</run_address>
         <size>0x122</size>
         <input_file_ref idref="fl-d7"/>
      </object_component>
      <object_component id="oc-236">
         <name>.debug_info</name>
         <load_address>0x8143</load_address>
         <run_address>0x8143</run_address>
         <size>0xa7</size>
      </object_component>
      <object_component id="oc-1af">
         <name>.debug_line</name>
         <load_address>0x0</load_address>
         <run_address>0x0</run_address>
         <size>0xf6</size>
         <input_file_ref idref="fl-2"/>
      </object_component>
      <object_component id="oc-1b2">
         <name>.debug_line</name>
         <load_address>0xf6</load_address>
         <run_address>0xf6</run_address>
         <size>0x2d</size>
         <input_file_ref idref="fl-2"/>
      </object_component>
      <object_component id="oc-1b4">
         <name>.debug_line</name>
         <load_address>0x123</load_address>
         <run_address>0x123</run_address>
         <size>0x2d</size>
         <input_file_ref idref="fl-2"/>
      </object_component>
      <object_component id="oc-10f">
         <name>.debug_line</name>
         <load_address>0x150</load_address>
         <run_address>0x150</run_address>
         <size>0x4c</size>
         <input_file_ref idref="fl-2"/>
      </object_component>
      <object_component id="oc-145">
         <name>.debug_line</name>
         <load_address>0x19c</load_address>
         <run_address>0x19c</run_address>
         <size>0x6b</size>
         <input_file_ref idref="fl-2"/>
      </object_component>
      <object_component id="oc-db">
         <name>.debug_line</name>
         <load_address>0x207</load_address>
         <run_address>0x207</run_address>
         <size>0x6d</size>
         <input_file_ref idref="fl-2"/>
      </object_component>
      <object_component id="oc-b2">
         <name>.debug_line</name>
         <load_address>0x274</load_address>
         <run_address>0x274</run_address>
         <size>0x6b</size>
         <input_file_ref idref="fl-2"/>
      </object_component>
      <object_component id="oc-c1">
         <name>.debug_line</name>
         <load_address>0x2df</load_address>
         <run_address>0x2df</run_address>
         <size>0x6f</size>
         <input_file_ref idref="fl-2"/>
      </object_component>
      <object_component id="oc-d6">
         <name>.debug_line</name>
         <load_address>0x34e</load_address>
         <run_address>0x34e</run_address>
         <size>0x69</size>
         <input_file_ref idref="fl-2"/>
      </object_component>
      <object_component id="oc-cd">
         <name>.debug_line</name>
         <load_address>0x3b7</load_address>
         <run_address>0x3b7</run_address>
         <size>0x69</size>
         <input_file_ref idref="fl-2"/>
      </object_component>
      <object_component id="oc-13d">
         <name>.debug_line</name>
         <load_address>0x420</load_address>
         <run_address>0x420</run_address>
         <size>0x68</size>
         <input_file_ref idref="fl-2"/>
      </object_component>
      <object_component id="oc-b7">
         <name>.debug_line</name>
         <load_address>0x488</load_address>
         <run_address>0x488</run_address>
         <size>0x6f</size>
         <input_file_ref idref="fl-2"/>
      </object_component>
      <object_component id="oc-e2">
         <name>.debug_line</name>
         <load_address>0x4f7</load_address>
         <run_address>0x4f7</run_address>
         <size>0x6f</size>
         <input_file_ref idref="fl-2"/>
      </object_component>
      <object_component id="oc-134">
         <name>.debug_line</name>
         <load_address>0x566</load_address>
         <run_address>0x566</run_address>
         <size>0x71</size>
         <input_file_ref idref="fl-2"/>
      </object_component>
      <object_component id="oc-51">
         <name>.debug_line</name>
         <load_address>0x5d7</load_address>
         <run_address>0x5d7</run_address>
         <size>0x20</size>
         <input_file_ref idref="fl-2"/>
      </object_component>
      <object_component id="oc-14a">
         <name>.debug_line</name>
         <load_address>0x5f7</load_address>
         <run_address>0x5f7</run_address>
         <size>0x73</size>
         <input_file_ref idref="fl-2"/>
      </object_component>
      <object_component id="oc-e7">
         <name>.debug_line</name>
         <load_address>0x66a</load_address>
         <run_address>0x66a</run_address>
         <size>0x70</size>
         <input_file_ref idref="fl-2"/>
      </object_component>
      <object_component id="oc-bc">
         <name>.debug_line</name>
         <load_address>0x6da</load_address>
         <run_address>0x6da</run_address>
         <size>0x6b</size>
         <input_file_ref idref="fl-2"/>
      </object_component>
      <object_component id="oc-156">
         <name>.debug_line</name>
         <load_address>0x745</load_address>
         <run_address>0x745</run_address>
         <size>0x6b</size>
         <input_file_ref idref="fl-2"/>
      </object_component>
      <object_component id="oc-de">
         <name>.debug_line</name>
         <load_address>0x7b0</load_address>
         <run_address>0x7b0</run_address>
         <size>0x41</size>
         <input_file_ref idref="fl-3"/>
      </object_component>
      <object_component id="oc-46">
         <name>.debug_line</name>
         <load_address>0x7f1</load_address>
         <run_address>0x7f1</run_address>
         <size>0x41</size>
         <input_file_ref idref="fl-3"/>
      </object_component>
      <object_component id="oc-2b">
         <name>.debug_line</name>
         <load_address>0x832</load_address>
         <run_address>0x832</run_address>
         <size>0xa1</size>
         <input_file_ref idref="fl-3"/>
      </object_component>
      <object_component id="oc-141">
         <name>.debug_line</name>
         <load_address>0x8d3</load_address>
         <run_address>0x8d3</run_address>
         <size>0x3a</size>
         <input_file_ref idref="fl-d"/>
      </object_component>
      <object_component id="oc-43">
         <name>.debug_line</name>
         <load_address>0x90d</load_address>
         <run_address>0x90d</run_address>
         <size>0x34c</size>
         <input_file_ref idref="fl-d"/>
      </object_component>
      <object_component id="oc-139">
         <name>.debug_line</name>
         <load_address>0xc59</load_address>
         <run_address>0xc59</run_address>
         <size>0x82</size>
         <input_file_ref idref="fl-f"/>
      </object_component>
      <object_component id="oc-137">
         <name>.debug_line</name>
         <load_address>0xcdb</load_address>
         <run_address>0xcdb</run_address>
         <size>0x3a</size>
         <input_file_ref idref="fl-f"/>
      </object_component>
      <object_component id="oc-3b">
         <name>.debug_line</name>
         <load_address>0xd15</load_address>
         <run_address>0xd15</run_address>
         <size>0x1c6</size>
         <input_file_ref idref="fl-f"/>
      </object_component>
      <object_component id="oc-15d">
         <name>.debug_line</name>
         <load_address>0xedb</load_address>
         <run_address>0xedb</run_address>
         <size>0x57</size>
         <input_file_ref idref="fl-10"/>
      </object_component>
      <object_component id="oc-11d">
         <name>.debug_line</name>
         <load_address>0xf32</load_address>
         <run_address>0xf32</run_address>
         <size>0x3d</size>
         <input_file_ref idref="fl-11"/>
      </object_component>
      <object_component id="oc-11f">
         <name>.debug_line</name>
         <load_address>0xf6f</load_address>
         <run_address>0xf6f</run_address>
         <size>0x3d</size>
         <input_file_ref idref="fl-11"/>
      </object_component>
      <object_component id="oc-31">
         <name>.debug_line</name>
         <load_address>0xfac</load_address>
         <run_address>0xfac</run_address>
         <size>0x92</size>
         <input_file_ref idref="fl-11"/>
      </object_component>
      <object_component id="oc-130">
         <name>.debug_line</name>
         <load_address>0x103e</load_address>
         <run_address>0x103e</run_address>
         <size>0xcf</size>
         <input_file_ref idref="fl-12"/>
      </object_component>
      <object_component id="oc-12c">
         <name>.debug_line</name>
         <load_address>0x110d</load_address>
         <run_address>0x110d</run_address>
         <size>0x3c</size>
         <input_file_ref idref="fl-12"/>
      </object_component>
      <object_component id="oc-128">
         <name>.debug_line</name>
         <load_address>0x1149</load_address>
         <run_address>0x1149</run_address>
         <size>0x3c</size>
         <input_file_ref idref="fl-12"/>
      </object_component>
      <object_component id="oc-12e">
         <name>.debug_line</name>
         <load_address>0x1185</load_address>
         <run_address>0x1185</run_address>
         <size>0x3c</size>
         <input_file_ref idref="fl-12"/>
      </object_component>
      <object_component id="oc-38">
         <name>.debug_line</name>
         <load_address>0x11c1</load_address>
         <run_address>0x11c1</run_address>
         <size>0x309</size>
         <input_file_ref idref="fl-12"/>
      </object_component>
      <object_component id="oc-1d6">
         <name>.debug_line</name>
         <load_address>0x14ca</load_address>
         <run_address>0x14ca</run_address>
         <size>0x20</size>
         <input_file_ref idref="fl-13"/>
      </object_component>
      <object_component id="oc-1a8">
         <name>.debug_line</name>
         <load_address>0x14ea</load_address>
         <run_address>0x14ea</run_address>
         <size>0x38</size>
         <input_file_ref idref="fl-13"/>
      </object_component>
      <object_component id="oc-1ab">
         <name>.debug_line</name>
         <load_address>0x1522</load_address>
         <run_address>0x1522</run_address>
         <size>0x38</size>
         <input_file_ref idref="fl-13"/>
      </object_component>
      <object_component id="oc-8f">
         <name>.debug_line</name>
         <load_address>0x155a</load_address>
         <run_address>0x155a</run_address>
         <size>0xa9</size>
         <input_file_ref idref="fl-13"/>
      </object_component>
      <object_component id="oc-159">
         <name>.debug_line</name>
         <load_address>0x1603</load_address>
         <run_address>0x1603</run_address>
         <size>0x92</size>
         <input_file_ref idref="fl-cd"/>
      </object_component>
      <object_component id="oc-69">
         <name>.debug_line</name>
         <load_address>0x1695</load_address>
         <run_address>0x1695</run_address>
         <size>0x53</size>
         <input_file_ref idref="fl-cd"/>
      </object_component>
      <object_component id="oc-fb">
         <name>.debug_line</name>
         <load_address>0x16e8</load_address>
         <run_address>0x16e8</run_address>
         <size>0x34</size>
         <input_file_ref idref="fl-cd"/>
      </object_component>
      <object_component id="oc-f6">
         <name>.debug_line</name>
         <load_address>0x171c</load_address>
         <run_address>0x171c</run_address>
         <size>0x20</size>
         <input_file_ref idref="fl-ce"/>
      </object_component>
      <object_component id="oc-20">
         <name>.debug_line</name>
         <load_address>0x173c</load_address>
         <run_address>0x173c</run_address>
         <size>0x55</size>
         <input_file_ref idref="fl-ce"/>
      </object_component>
      <object_component id="oc-5c">
         <name>.debug_line</name>
         <load_address>0x1791</load_address>
         <run_address>0x1791</run_address>
         <size>0x3a</size>
         <input_file_ref idref="fl-ce"/>
      </object_component>
      <object_component id="oc-f3">
         <name>.debug_line</name>
         <load_address>0x17cb</load_address>
         <run_address>0x17cb</run_address>
         <size>0x92</size>
         <input_file_ref idref="fl-ce"/>
      </object_component>
      <object_component id="oc-152">
         <name>.debug_line</name>
         <load_address>0x185d</load_address>
         <run_address>0x185d</run_address>
         <size>0x20</size>
         <input_file_ref idref="fl-cf"/>
      </object_component>
      <object_component id="oc-1a">
         <name>.debug_line</name>
         <load_address>0x187d</load_address>
         <run_address>0x187d</run_address>
         <size>0xa9</size>
         <input_file_ref idref="fl-cf"/>
      </object_component>
      <object_component id="oc-4c">
         <name>.debug_line</name>
         <load_address>0x1926</load_address>
         <run_address>0x1926</run_address>
         <size>0x3a</size>
         <input_file_ref idref="fl-cf"/>
      </object_component>
      <object_component id="oc-14f">
         <name>.debug_line</name>
         <load_address>0x1960</load_address>
         <run_address>0x1960</run_address>
         <size>0x9a</size>
         <input_file_ref idref="fl-cf"/>
      </object_component>
      <object_component id="oc-ec">
         <name>.debug_line</name>
         <load_address>0x19fa</load_address>
         <run_address>0x19fa</run_address>
         <size>0x96</size>
         <input_file_ref idref="fl-cf"/>
      </object_component>
      <object_component id="oc-1ad">
         <name>.debug_line</name>
         <load_address>0x1a90</load_address>
         <run_address>0x1a90</run_address>
         <size>0x20</size>
         <input_file_ref idref="fl-d0"/>
      </object_component>
      <object_component id="oc-9b">
         <name>.debug_line</name>
         <load_address>0x1ab0</load_address>
         <run_address>0x1ab0</run_address>
         <size>0xa8</size>
         <input_file_ref idref="fl-d0"/>
      </object_component>
      <object_component id="oc-84">
         <name>.debug_line</name>
         <load_address>0x1b58</load_address>
         <run_address>0x1b58</run_address>
         <size>0x33</size>
         <input_file_ref idref="fl-d1"/>
      </object_component>
      <object_component id="oc-72">
         <name>.debug_line</name>
         <load_address>0x1b8b</load_address>
         <run_address>0x1b8b</run_address>
         <size>0x45</size>
         <input_file_ref idref="fl-d1"/>
      </object_component>
      <object_component id="oc-102">
         <name>.debug_line</name>
         <load_address>0x1bd0</load_address>
         <run_address>0x1bd0</run_address>
         <size>0x79</size>
         <input_file_ref idref="fl-d2"/>
      </object_component>
      <object_component id="oc-57">
         <name>.debug_line</name>
         <load_address>0x1c49</load_address>
         <run_address>0x1c49</run_address>
         <size>0x88</size>
         <input_file_ref idref="fl-d3"/>
      </object_component>
      <object_component id="oc-1e6">
         <name>.debug_line</name>
         <load_address>0x1cd1</load_address>
         <run_address>0x1cd1</run_address>
         <size>0xbf</size>
         <input_file_ref idref="fl-d4"/>
      </object_component>
      <object_component id="oc-179">
         <name>.debug_line</name>
         <load_address>0x1d90</load_address>
         <run_address>0x1d90</run_address>
         <size>0x6f</size>
         <input_file_ref idref="fl-d4"/>
      </object_component>
      <object_component id="oc-1ea">
         <name>.debug_line</name>
         <load_address>0x1dff</load_address>
         <run_address>0x1dff</run_address>
         <size>0x2e</size>
         <input_file_ref idref="fl-d4"/>
      </object_component>
      <object_component id="oc-1fe">
         <name>.debug_line</name>
         <load_address>0x1e2d</load_address>
         <run_address>0x1e2d</run_address>
         <size>0x9a</size>
         <input_file_ref idref="fl-d4"/>
      </object_component>
      <object_component id="oc-1ef">
         <name>.debug_line</name>
         <load_address>0x1ec7</load_address>
         <run_address>0x1ec7</run_address>
         <size>0x97</size>
         <input_file_ref idref="fl-d4"/>
      </object_component>
      <object_component id="oc-1f4">
         <name>.debug_line</name>
         <load_address>0x1f5e</load_address>
         <run_address>0x1f5e</run_address>
         <size>0x93</size>
         <input_file_ref idref="fl-d4"/>
      </object_component>
      <object_component id="oc-108">
         <name>.debug_line</name>
         <load_address>0x1ff1</load_address>
         <run_address>0x1ff1</run_address>
         <size>0x40</size>
         <input_file_ref idref="fl-d5"/>
      </object_component>
      <object_component id="oc-16d">
         <name>.debug_line</name>
         <load_address>0x2031</load_address>
         <run_address>0x2031</run_address>
         <size>0x3c</size>
         <input_file_ref idref="fl-d7"/>
      </object_component>
      <object_component id="oc-10e">
         <name>.debug_frame</name>
         <load_address>0x0</load_address>
         <run_address>0x0</run_address>
         <size>0x5c</size>
         <input_file_ref idref="fl-2"/>
      </object_component>
      <object_component id="oc-2c">
         <name>.debug_frame</name>
         <load_address>0x5c</load_address>
         <run_address>0x5c</run_address>
         <size>0x90</size>
         <input_file_ref idref="fl-3"/>
      </object_component>
      <object_component id="oc-44">
         <name>.debug_frame</name>
         <load_address>0xec</load_address>
         <run_address>0xec</run_address>
         <size>0x1d0</size>
         <input_file_ref idref="fl-d"/>
      </object_component>
      <object_component id="oc-3e">
         <name>.debug_frame</name>
         <load_address>0x2bc</load_address>
         <run_address>0x2bc</run_address>
         <size>0x18c</size>
         <input_file_ref idref="fl-f"/>
      </object_component>
      <object_component id="oc-15e">
         <name>.debug_frame</name>
         <load_address>0x448</load_address>
         <run_address>0x448</run_address>
         <size>0x54</size>
         <input_file_ref idref="fl-10"/>
      </object_component>
      <object_component id="oc-32">
         <name>.debug_frame</name>
         <load_address>0x49c</load_address>
         <run_address>0x49c</run_address>
         <size>0x88</size>
         <input_file_ref idref="fl-11"/>
      </object_component>
      <object_component id="oc-34">
         <name>.debug_frame</name>
         <load_address>0x524</load_address>
         <run_address>0x524</run_address>
         <size>0x17c</size>
         <input_file_ref idref="fl-12"/>
      </object_component>
      <object_component id="oc-93">
         <name>.debug_frame</name>
         <load_address>0x6a0</load_address>
         <run_address>0x6a0</run_address>
         <size>0x98</size>
         <input_file_ref idref="fl-13"/>
      </object_component>
      <object_component id="oc-6a">
         <name>.debug_frame</name>
         <load_address>0x738</load_address>
         <run_address>0x738</run_address>
         <size>0x54</size>
         <input_file_ref idref="fl-cd"/>
      </object_component>
      <object_component id="oc-1f">
         <name>.debug_frame</name>
         <load_address>0x78c</load_address>
         <run_address>0x78c</run_address>
         <size>0x54</size>
         <input_file_ref idref="fl-ce"/>
      </object_component>
      <object_component id="oc-19">
         <name>.debug_frame</name>
         <load_address>0x7e0</load_address>
         <run_address>0x7e0</run_address>
         <size>0x60</size>
         <input_file_ref idref="fl-cf"/>
      </object_component>
      <object_component id="oc-9c">
         <name>.debug_frame</name>
         <load_address>0x840</load_address>
         <run_address>0x840</run_address>
         <size>0x54</size>
         <input_file_ref idref="fl-d0"/>
      </object_component>
      <object_component id="oc-73">
         <name>.debug_frame</name>
         <load_address>0x894</load_address>
         <run_address>0x894</run_address>
         <size>0x50</size>
         <input_file_ref idref="fl-d1"/>
      </object_component>
      <object_component id="oc-17a">
         <name>.debug_frame</name>
         <load_address>0x8e4</load_address>
         <run_address>0x8e4</run_address>
         <size>0x5c</size>
         <input_file_ref idref="fl-d4"/>
      </object_component>
      <object_component id="oc-109">
         <name>.debug_frame</name>
         <load_address>0x940</load_address>
         <run_address>0x940</run_address>
         <size>0x54</size>
         <input_file_ref idref="fl-d5"/>
      </object_component>
      <object_component id="oc-16e">
         <name>.debug_frame</name>
         <load_address>0x994</load_address>
         <run_address>0x994</run_address>
         <size>0x54</size>
         <input_file_ref idref="fl-d7"/>
      </object_component>
      <object_component id="oc-1ae">
         <name>.debug_abbrev</name>
         <load_address>0x0</load_address>
         <run_address>0x0</run_address>
         <size>0x83</size>
         <input_file_ref idref="fl-2"/>
      </object_component>
      <object_component id="oc-1b1">
         <name>.debug_abbrev</name>
         <load_address>0x83</load_address>
         <run_address>0x83</run_address>
         <size>0x27</size>
         <input_file_ref idref="fl-2"/>
      </object_component>
      <object_component id="oc-1b3">
         <name>.debug_abbrev</name>
         <load_address>0xaa</load_address>
         <run_address>0xaa</run_address>
         <size>0x27</size>
         <input_file_ref idref="fl-2"/>
      </object_component>
      <object_component id="oc-168">
         <name>.debug_abbrev</name>
         <load_address>0xd1</load_address>
         <run_address>0xd1</run_address>
         <size>0x62</size>
         <input_file_ref idref="fl-2"/>
      </object_component>
      <object_component id="oc-144">
         <name>.debug_abbrev</name>
         <load_address>0x133</load_address>
         <run_address>0x133</run_address>
         <size>0x42</size>
         <input_file_ref idref="fl-2"/>
      </object_component>
      <object_component id="oc-da">
         <name>.debug_abbrev</name>
         <load_address>0x175</load_address>
         <run_address>0x175</run_address>
         <size>0x42</size>
         <input_file_ref idref="fl-2"/>
      </object_component>
      <object_component id="oc-b1">
         <name>.debug_abbrev</name>
         <load_address>0x1b7</load_address>
         <run_address>0x1b7</run_address>
         <size>0x9b</size>
         <input_file_ref idref="fl-2"/>
      </object_component>
      <object_component id="oc-c0">
         <name>.debug_abbrev</name>
         <load_address>0x252</load_address>
         <run_address>0x252</run_address>
         <size>0x42</size>
         <input_file_ref idref="fl-2"/>
      </object_component>
      <object_component id="oc-d5">
         <name>.debug_abbrev</name>
         <load_address>0x294</load_address>
         <run_address>0x294</run_address>
         <size>0x7d</size>
         <input_file_ref idref="fl-2"/>
      </object_component>
      <object_component id="oc-cc">
         <name>.debug_abbrev</name>
         <load_address>0x311</load_address>
         <run_address>0x311</run_address>
         <size>0x8c</size>
         <input_file_ref idref="fl-2"/>
      </object_component>
      <object_component id="oc-13c">
         <name>.debug_abbrev</name>
         <load_address>0x39d</load_address>
         <run_address>0x39d</run_address>
         <size>0x51</size>
         <input_file_ref idref="fl-2"/>
      </object_component>
      <object_component id="oc-b6">
         <name>.debug_abbrev</name>
         <load_address>0x3ee</load_address>
         <run_address>0x3ee</run_address>
         <size>0x42</size>
         <input_file_ref idref="fl-2"/>
      </object_component>
      <object_component id="oc-e1">
         <name>.debug_abbrev</name>
         <load_address>0x430</load_address>
         <run_address>0x430</run_address>
         <size>0x69</size>
         <input_file_ref idref="fl-2"/>
      </object_component>
      <object_component id="oc-133">
         <name>.debug_abbrev</name>
         <load_address>0x499</load_address>
         <run_address>0x499</run_address>
         <size>0x49</size>
         <input_file_ref idref="fl-2"/>
      </object_component>
      <object_component id="oc-50">
         <name>.debug_abbrev</name>
         <load_address>0x4e2</load_address>
         <run_address>0x4e2</run_address>
         <size>0x1f</size>
         <input_file_ref idref="fl-2"/>
      </object_component>
      <object_component id="oc-149">
         <name>.debug_abbrev</name>
         <load_address>0x501</load_address>
         <run_address>0x501</run_address>
         <size>0x5c</size>
         <input_file_ref idref="fl-2"/>
      </object_component>
      <object_component id="oc-e6">
         <name>.debug_abbrev</name>
         <load_address>0x55d</load_address>
         <run_address>0x55d</run_address>
         <size>0x24</size>
         <input_file_ref idref="fl-2"/>
      </object_component>
      <object_component id="oc-bb">
         <name>.debug_abbrev</name>
         <load_address>0x581</load_address>
         <run_address>0x581</run_address>
         <size>0x35</size>
         <input_file_ref idref="fl-2"/>
      </object_component>
      <object_component id="oc-155">
         <name>.debug_abbrev</name>
         <load_address>0x5b6</load_address>
         <run_address>0x5b6</run_address>
         <size>0x24</size>
         <input_file_ref idref="fl-2"/>
      </object_component>
      <object_component id="oc-dd">
         <name>.debug_abbrev</name>
         <load_address>0x5da</load_address>
         <run_address>0x5da</run_address>
         <size>0x7c</size>
         <input_file_ref idref="fl-3"/>
      </object_component>
      <object_component id="oc-45">
         <name>.debug_abbrev</name>
         <load_address>0x656</load_address>
         <run_address>0x656</run_address>
         <size>0x29</size>
         <input_file_ref idref="fl-3"/>
      </object_component>
      <object_component id="oc-85">
         <name>.debug_abbrev</name>
         <load_address>0x67f</load_address>
         <run_address>0x67f</run_address>
         <size>0x79</size>
         <input_file_ref idref="fl-3"/>
      </object_component>
      <object_component id="oc-140">
         <name>.debug_abbrev</name>
         <load_address>0x6f8</load_address>
         <run_address>0x6f8</run_address>
         <size>0x5e</size>
         <input_file_ref idref="fl-d"/>
      </object_component>
      <object_component id="oc-d2">
         <name>.debug_abbrev</name>
         <load_address>0x756</load_address>
         <run_address>0x756</run_address>
         <size>0x103</size>
         <input_file_ref idref="fl-d"/>
      </object_component>
      <object_component id="oc-138">
         <name>.debug_abbrev</name>
         <load_address>0x859</load_address>
         <run_address>0x859</run_address>
         <size>0x8b</size>
         <input_file_ref idref="fl-f"/>
      </object_component>
      <object_component id="oc-136">
         <name>.debug_abbrev</name>
         <load_address>0x8e4</load_address>
         <run_address>0x8e4</run_address>
         <size>0x29</size>
         <input_file_ref idref="fl-f"/>
      </object_component>
      <object_component id="oc-c9">
         <name>.debug_abbrev</name>
         <load_address>0x90d</load_address>
         <run_address>0x90d</run_address>
         <size>0x7b</size>
         <input_file_ref idref="fl-f"/>
      </object_component>
      <object_component id="oc-1b0">
         <name>.debug_abbrev</name>
         <load_address>0x988</load_address>
         <run_address>0x988</run_address>
         <size>0x50</size>
         <input_file_ref idref="fl-10"/>
      </object_component>
      <object_component id="oc-11c">
         <name>.debug_abbrev</name>
         <load_address>0x9d8</load_address>
         <run_address>0x9d8</run_address>
         <size>0x4d</size>
         <input_file_ref idref="fl-11"/>
      </object_component>
      <object_component id="oc-11e">
         <name>.debug_abbrev</name>
         <load_address>0xa25</load_address>
         <run_address>0xa25</run_address>
         <size>0x29</size>
         <input_file_ref idref="fl-11"/>
      </object_component>
      <object_component id="oc-8d">
         <name>.debug_abbrev</name>
         <load_address>0xa4e</load_address>
         <run_address>0xa4e</run_address>
         <size>0x7b</size>
         <input_file_ref idref="fl-11"/>
      </object_component>
      <object_component id="oc-12f">
         <name>.debug_abbrev</name>
         <load_address>0xac9</load_address>
         <run_address>0xac9</run_address>
         <size>0xcc</size>
         <input_file_ref idref="fl-12"/>
      </object_component>
      <object_component id="oc-12b">
         <name>.debug_abbrev</name>
         <load_address>0xb95</load_address>
         <run_address>0xb95</run_address>
         <size>0x27</size>
         <input_file_ref idref="fl-12"/>
      </object_component>
      <object_component id="oc-127">
         <name>.debug_abbrev</name>
         <load_address>0xbbc</load_address>
         <run_address>0xbbc</run_address>
         <size>0x29</size>
         <input_file_ref idref="fl-12"/>
      </object_component>
      <object_component id="oc-12d">
         <name>.debug_abbrev</name>
         <load_address>0xbe5</load_address>
         <run_address>0xbe5</run_address>
         <size>0x29</size>
         <input_file_ref idref="fl-12"/>
      </object_component>
      <object_component id="oc-ae">
         <name>.debug_abbrev</name>
         <load_address>0xc0e</load_address>
         <run_address>0xc0e</run_address>
         <size>0x105</size>
         <input_file_ref idref="fl-12"/>
      </object_component>
      <object_component id="oc-1d5">
         <name>.debug_abbrev</name>
         <load_address>0xd13</load_address>
         <run_address>0xd13</run_address>
         <size>0x4b</size>
         <input_file_ref idref="fl-13"/>
      </object_component>
      <object_component id="oc-1a7">
         <name>.debug_abbrev</name>
         <load_address>0xd5e</load_address>
         <run_address>0xd5e</run_address>
         <size>0x29</size>
         <input_file_ref idref="fl-13"/>
      </object_component>
      <object_component id="oc-1aa">
         <name>.debug_abbrev</name>
         <load_address>0xd87</load_address>
         <run_address>0xd87</run_address>
         <size>0x29</size>
         <input_file_ref idref="fl-13"/>
      </object_component>
      <object_component id="oc-126">
         <name>.debug_abbrev</name>
         <load_address>0xdb0</load_address>
         <run_address>0xdb0</run_address>
         <size>0x6c</size>
         <input_file_ref idref="fl-13"/>
      </object_component>
      <object_component id="oc-158">
         <name>.debug_abbrev</name>
         <load_address>0xe1c</load_address>
         <run_address>0xe1c</run_address>
         <size>0x5d</size>
         <input_file_ref idref="fl-cd"/>
      </object_component>
      <object_component id="oc-103">
         <name>.debug_abbrev</name>
         <load_address>0xe79</load_address>
         <run_address>0xe79</run_address>
         <size>0x74</size>
         <input_file_ref idref="fl-cd"/>
      </object_component>
      <object_component id="oc-fa">
         <name>.debug_abbrev</name>
         <load_address>0xeed</load_address>
         <run_address>0xeed</run_address>
         <size>0x24</size>
         <input_file_ref idref="fl-cd"/>
      </object_component>
      <object_component id="oc-f5">
         <name>.debug_abbrev</name>
         <load_address>0xf11</load_address>
         <run_address>0xf11</run_address>
         <size>0x37</size>
         <input_file_ref idref="fl-ce"/>
      </object_component>
      <object_component id="oc-58">
         <name>.debug_abbrev</name>
         <load_address>0xf48</load_address>
         <run_address>0xf48</run_address>
         <size>0x74</size>
         <input_file_ref idref="fl-ce"/>
      </object_component>
      <object_component id="oc-5b">
         <name>.debug_abbrev</name>
         <load_address>0xfbc</load_address>
         <run_address>0xfbc</run_address>
         <size>0x24</size>
         <input_file_ref idref="fl-ce"/>
      </object_component>
      <object_component id="oc-f2">
         <name>.debug_abbrev</name>
         <load_address>0xfe0</load_address>
         <run_address>0xfe0</run_address>
         <size>0x24</size>
         <input_file_ref idref="fl-ce"/>
      </object_component>
      <object_component id="oc-151">
         <name>.debug_abbrev</name>
         <load_address>0x1004</load_address>
         <run_address>0x1004</run_address>
         <size>0x37</size>
         <input_file_ref idref="fl-cf"/>
      </object_component>
      <object_component id="oc-48">
         <name>.debug_abbrev</name>
         <load_address>0x103b</load_address>
         <run_address>0x103b</run_address>
         <size>0x6f</size>
         <input_file_ref idref="fl-cf"/>
      </object_component>
      <object_component id="oc-4b">
         <name>.debug_abbrev</name>
         <load_address>0x10aa</load_address>
         <run_address>0x10aa</run_address>
         <size>0x24</size>
         <input_file_ref idref="fl-cf"/>
      </object_component>
      <object_component id="oc-14e">
         <name>.debug_abbrev</name>
         <load_address>0x10ce</load_address>
         <run_address>0x10ce</run_address>
         <size>0x35</size>
         <input_file_ref idref="fl-cf"/>
      </object_component>
      <object_component id="oc-eb">
         <name>.debug_abbrev</name>
         <load_address>0x1103</load_address>
         <run_address>0x1103</run_address>
         <size>0x24</size>
         <input_file_ref idref="fl-cf"/>
      </object_component>
      <object_component id="oc-1ac">
         <name>.debug_abbrev</name>
         <load_address>0x1127</load_address>
         <run_address>0x1127</run_address>
         <size>0x45</size>
         <input_file_ref idref="fl-d0"/>
      </object_component>
      <object_component id="oc-129">
         <name>.debug_abbrev</name>
         <load_address>0x116c</load_address>
         <run_address>0x116c</run_address>
         <size>0x71</size>
         <input_file_ref idref="fl-d0"/>
      </object_component>
      <object_component id="oc-83">
         <name>.debug_abbrev</name>
         <load_address>0x11dd</load_address>
         <run_address>0x11dd</run_address>
         <size>0x29</size>
         <input_file_ref idref="fl-d1"/>
      </object_component>
      <object_component id="oc-113">
         <name>.debug_abbrev</name>
         <load_address>0x1206</load_address>
         <run_address>0x1206</run_address>
         <size>0x55</size>
         <input_file_ref idref="fl-d1"/>
      </object_component>
      <object_component id="oc-15a">
         <name>.debug_abbrev</name>
         <load_address>0x125b</load_address>
         <run_address>0x125b</run_address>
         <size>0x4f</size>
         <input_file_ref idref="fl-d2"/>
      </object_component>
      <object_component id="oc-ef">
         <name>.debug_abbrev</name>
         <load_address>0x12aa</load_address>
         <run_address>0x12aa</run_address>
         <size>0x3e</size>
         <input_file_ref idref="fl-d3"/>
      </object_component>
      <object_component id="oc-1e5">
         <name>.debug_abbrev</name>
         <load_address>0x12e8</load_address>
         <run_address>0x12e8</run_address>
         <size>0xc0</size>
         <input_file_ref idref="fl-d4"/>
      </object_component>
      <object_component id="oc-1bf">
         <name>.debug_abbrev</name>
         <load_address>0x13a8</load_address>
         <run_address>0x13a8</run_address>
         <size>0x7e</size>
         <input_file_ref idref="fl-d4"/>
      </object_component>
      <object_component id="oc-1e9">
         <name>.debug_abbrev</name>
         <load_address>0x1426</load_address>
         <run_address>0x1426</run_address>
         <size>0x24</size>
         <input_file_ref idref="fl-d4"/>
      </object_component>
      <object_component id="oc-1fd">
         <name>.debug_abbrev</name>
         <load_address>0x144a</load_address>
         <run_address>0x144a</run_address>
         <size>0x24</size>
         <input_file_ref idref="fl-d4"/>
      </object_component>
      <object_component id="oc-1ee">
         <name>.debug_abbrev</name>
         <load_address>0x146e</load_address>
         <run_address>0x146e</run_address>
         <size>0x24</size>
         <input_file_ref idref="fl-d4"/>
      </object_component>
      <object_component id="oc-1f3">
         <name>.debug_abbrev</name>
         <load_address>0x1492</load_address>
         <run_address>0x1492</run_address>
         <size>0x4b</size>
         <input_file_ref idref="fl-d4"/>
      </object_component>
      <object_component id="oc-15b">
         <name>.debug_abbrev</name>
         <load_address>0x14dd</load_address>
         <run_address>0x14dd</run_address>
         <size>0x55</size>
         <input_file_ref idref="fl-d5"/>
      </object_component>
      <object_component id="oc-1b5">
         <name>.debug_abbrev</name>
         <load_address>0x1532</load_address>
         <run_address>0x1532</run_address>
         <size>0x45</size>
         <input_file_ref idref="fl-d7"/>
      </object_component>
      <object_component id="oc-237">
         <name>.debug_abbrev</name>
         <load_address>0x1577</load_address>
         <run_address>0x1577</run_address>
         <size>0xf</size>
      </object_component>
      <object_component id="oc-146">
         <name>.debug_str</name>
         <load_address>0x0</load_address>
         <run_address>0x0</run_address>
         <size>0x117</size>
         <input_file_ref idref="fl-2"/>
      </object_component>
      <object_component id="oc-dc">
         <name>.debug_str</name>
         <load_address>0x117</load_address>
         <run_address>0x117</run_address>
         <size>0xf8</size>
         <input_file_ref idref="fl-2"/>
      </object_component>
      <object_component id="oc-b3">
         <name>.debug_str</name>
         <load_address>0x20f</load_address>
         <run_address>0x20f</run_address>
         <size>0x1c7</size>
         <input_file_ref idref="fl-2"/>
      </object_component>
      <object_component id="oc-c2">
         <name>.debug_str</name>
         <load_address>0x3d6</load_address>
         <run_address>0x3d6</run_address>
         <size>0x149</size>
         <input_file_ref idref="fl-2"/>
      </object_component>
      <object_component id="oc-d7">
         <name>.debug_str</name>
         <load_address>0x51f</load_address>
         <run_address>0x51f</run_address>
         <size>0x45a</size>
         <input_file_ref idref="fl-2"/>
      </object_component>
      <object_component id="oc-ce">
         <name>.debug_str</name>
         <load_address>0x979</load_address>
         <run_address>0x979</run_address>
         <size>0x1cc</size>
         <input_file_ref idref="fl-2"/>
      </object_component>
      <object_component id="oc-13e">
         <name>.debug_str</name>
         <load_address>0xb45</load_address>
         <run_address>0xb45</run_address>
         <size>0x538</size>
         <input_file_ref idref="fl-2"/>
      </object_component>
      <object_component id="oc-b8">
         <name>.debug_str</name>
         <load_address>0x107d</load_address>
         <run_address>0x107d</run_address>
         <size>0x11b</size>
         <input_file_ref idref="fl-2"/>
      </object_component>
      <object_component id="oc-e3">
         <name>.debug_str</name>
         <load_address>0x1198</load_address>
         <run_address>0x1198</run_address>
         <size>0x2b8</size>
         <input_file_ref idref="fl-2"/>
      </object_component>
      <object_component id="oc-135">
         <name>.debug_str</name>
         <load_address>0x1450</load_address>
         <run_address>0x1450</run_address>
         <size>0x11f</size>
         <input_file_ref idref="fl-2"/>
      </object_component>
      <object_component id="oc-52">
         <name>.debug_str</name>
         <load_address>0x156f</load_address>
         <run_address>0x156f</run_address>
         <size>0xfd</size>
         <input_file_ref idref="fl-2"/>
      </object_component>
      <object_component id="oc-14b">
         <name>.debug_str</name>
         <load_address>0x166c</load_address>
         <run_address>0x166c</run_address>
         <size>0x34e</size>
         <input_file_ref idref="fl-2"/>
      </object_component>
      <object_component id="oc-e8">
         <name>.debug_str</name>
         <load_address>0x19ba</load_address>
         <run_address>0x19ba</run_address>
         <size>0x150</size>
         <input_file_ref idref="fl-2"/>
      </object_component>
      <object_component id="oc-bd">
         <name>.debug_str</name>
         <load_address>0x1b0a</load_address>
         <run_address>0x1b0a</run_address>
         <size>0x17b</size>
         <input_file_ref idref="fl-2"/>
      </object_component>
      <object_component id="oc-157">
         <name>.debug_str</name>
         <load_address>0x1c85</load_address>
         <run_address>0x1c85</run_address>
         <size>0xea</size>
         <input_file_ref idref="fl-2"/>
      </object_component>
      <object_component id="oc-fc">
         <name>.debug_str</name>
         <load_address>0x1d6f</load_address>
         <run_address>0x1d6f</run_address>
         <size>0x105</size>
         <input_file_ref idref="fl-cd"/>
      </object_component>
      <object_component id="oc-5d">
         <name>.debug_str</name>
         <load_address>0x1e74</load_address>
         <run_address>0x1e74</run_address>
         <size>0x10b</size>
         <input_file_ref idref="fl-ce"/>
      </object_component>
      <object_component id="oc-f4">
         <name>.debug_str</name>
         <load_address>0x1f7f</load_address>
         <run_address>0x1f7f</run_address>
         <size>0x140</size>
         <input_file_ref idref="fl-ce"/>
      </object_component>
      <object_component id="oc-4d">
         <name>.debug_str</name>
         <load_address>0x20bf</load_address>
         <run_address>0x20bf</run_address>
[...]
            <load_size>0x58</load_size>
            <run_address>0x20000600</run_address>
            <run_size>0xa2</run_size>
            <compression>lzss</compression>
         </cprec>
         <cprec>
            <name>.bss</name>
            <load_address>0x1bb0</load_address>
            <load_size>0x8</load_size>
            <run_address>0x20000000</run_address>
            <run_size>0x3fc</run_size>
            <compression>zero_init</compression>
         </cprec>
      </cptbl>
   </cptbl_list>
   <handler_table>
      <handler_table_name>__TI_handler_table</handler_table_name>
      <handler>
         <index>0x0</index>
         <name>__TI_decompress_lzss</name>
      </handler>
      <handler>
         <index>0x1</index>
         <name>__TI_decompress_none</name>
      </handler>
      <handler>
         <index>0x2</index>
         <name>__TI_zero_init</name>
      </handler>
   </handler_table>
   <symbol_table>
      <symbol id="sm-1">
         <name>__STACK_TOP</name>
         <value>0x20000600</value>
      </symbol>
      <symbol id="sm-2">
         <name>__start___llvm_prf_cnts</name>
         <value>0x20000000</value>
      </symbol>
      <symbol id="sm-3">
         <name>__stop___llvm_prf_cnts</name>
         <value>0x20000000</value>
      </symbol>
      <symbol id="sm-4">
         <name>__TI_CINIT_Base</name>
         <value>0x1bb8</value>
      </symbol>
      <symbol id="sm-5">
         <name>__TI_CINIT_Limit</name>
         <value>0x1bc8</value>
      </symbol>
      <symbol id="sm-6">
         <name>__TI_Handler_Table_Base</name>
         <value>0x1ba0</value>
      </symbol>
      <symbol id="sm-7">
         <name>__TI_Handler_Table_Limit</name>
         <value>0x1bac</value>
      </symbol>
      <symbol id="sm-8">
         <name>binit</name>
         <value>0xffffffff</value>
      </symbol>
      <symbol id="sm-9">
         <name>__binit__</name>
         <value>0xffffffff</value>
      </symbol>
      <symbol id="sm-a">
         <name>__STACK_SIZE</name>
         <value>0x200</value>
      </symbol>
      <symbol id="sm-b">
         <name>__STACK_END</name>
         <value>0x20000600</value>
      </symbol>
      <symbol id="sm-c">
         <name>__c_args__</name>
         <value>0xffffffff</value>
      </symbol>
      <symbol id="sm-d">
         <name>__TI_pprof_out_hndl</name>
         <value>0xffffffff</value>
      </symbol>
      <symbol id="sm-e">
         <name>__TI_prof_data_start</name>
         <value>0xffffffff</value>
      </symbol>
      <symbol id="sm-f">
         <name>__TI_prof_data_size</name>
         <value>0xffffffff</value>
      </symbol>
      <symbol id="sm-90">
         <name>main</name>
         <value>0x1a69</value>
         <object_component_ref idref="oc-10a"/>
      </symbol>
      <symbol id="sm-ac">
         <name>ResetISR</name>
         <value>0x1b07</value>
         <object_component_ref idref="oc-27"/>
      </symbol>
      <symbol id="sm-ad">
         <name>g_pfnVectors</name>
         <value>0x0</value>
         <object_component_ref idref="oc-12"/>
      </symbol>
      <symbol id="sm-120">
         <name>ReceivedData</name>
         <value>0x200001f4</value>
      </symbol>
      <symbol id="sm-121">
         <name>CAN_Retry_Get</name>
         <value>0xafd</value>
         <object_component_ref idref="oc-3f"/>
      </symbol>
      <symbol id="sm-122">
         <name>CAN_Init</name>
         <value>0x26d</value>
         <object_component_ref idref="oc-3f"/>
      </symbol>
      <symbol id="sm-123">
         <name>CAN_Write</name>
         <value>0xbc7</value>
         <object_component_ref idref="oc-3f"/>
      </symbol>
      <symbol id="sm-124">
         <name>CAN0_ISR</name>
         <value>0xd19</value>
         <object_component_ref idref="oc-3f"/>
      </symbol>
      <symbol id="sm-125">
         <name>CAN_TX_MSG_SetUp</name>
         <value>0x5b5</value>
         <object_component_ref idref="oc-3f"/>
      </symbol>
      <symbol id="sm-126">
         <name>CAN_Disable</name>
         <value>0x573</value>
         <object_component_ref idref="oc-3f"/>
      </symbol>
      <symbol id="sm-127">
         <name>CAN_Enable</name>
         <value>0x55f</value>
         <object_component_ref idref="oc-3f"/>
      </symbol>
      <symbol id="sm-128">
         <name>CAN1_ISR</name>
         <value>0xd9d</value>
         <object_component_ref idref="oc-3f"/>
      </symbol>
      <symbol id="sm-129">
         <name>CAN_Message_Clear</name>
         <value>0xa43</value>
         <object_component_ref idref="oc-3f"/>
      </symbol>
      <symbol id="sm-12a">
         <name>CAN_Read</name>
         <value>0xcb7</value>
         <object_component_ref idref="oc-3f"/>
      </symbol>
      <symbol id="sm-12b">
         <name>CAN_RX_MSG_SetUp</name>
         <value>0x751</value>
         <object_component_ref idref="oc-3f"/>
      </symbol>
      <symbol id="sm-12c">
         <name>CAN_Status_Get</name>
         <value>0xb53</value>
         <object_component_ref idref="oc-3f"/>
      </symbol>
      <symbol id="sm-12d">
         <name>CAN_Retry_Set</name>
         <value>0xb21</value>
         <object_component_ref idref="oc-3f"/>
      </symbol>
      <symbol id="sm-12e">
         <name>CAN_Message_Get</name>
         <value>0x97f</value>
         <object_component_ref idref="oc-3f"/>
      </symbol>
      <symbol id="sm-12f">
         <name>CAN_Int_Enable</name>
         <value>0xcdd</value>
         <object_component_ref idref="oc-3f"/>
      </symbol>
      <symbol id="sm-164">
         <name>Periodic_Task</name>
         <value>0x20000314</value>
      </symbol>
      <symbol id="sm-165">
         <name>TIMER1A_ISR</name>
         <value>0x160b</value>
         <object_component_ref idref="oc-39"/>
      </symbol>
      <symbol id="sm-166">
         <name>TIMER0A_ISR</name>
         <value>0x15e3</value>
         <object_component_ref idref="oc-39"/>
      </symbol>
      <symbol id="sm-167">
         <name>TIMER3A_ISR</name>
         <value>0x165b</value>
         <object_component_ref idref="oc-39"/>
      </symbol>
      <symbol id="sm-168">
         <name>TIMER2A_ISR</name>
         <value>0x1633</value>
         <object_component_ref idref="oc-39"/>
      </symbol>
      <symbol id="sm-169">
         <name>TIMER5A_ISR</name>
         <value>0x16ab</value>
         <object_component_ref idref="oc-39"/>
      </symbol>
      <symbol id="sm-16a">
         <name>TIMER4A_ISR</name>
         <value>0x1683</value>
         <object_component_ref idref="oc-39"/>
      </symbol>
      <symbol id="sm-16b">
         <name>TIMER1B_ISR</name>
         <value>0x161f</value>
         <object_component_ref idref="oc-39"/>
      </symbol>
      <symbol id="sm-16c">
         <name>TIMER0B_ISR</name>
         <value>0x15f7</value>
         <object_component_ref idref="oc-39"/>
      </symbol>
      <symbol id="sm-16d">
         <name>TIMER3B_ISR</name>
         <value>0x166f</value>
         <object_component_ref idref="oc-39"/>
      </symbol>
      <symbol id="sm-16e">
         <name>TIMER2B_ISR</name>
         <value>0x1647</value>
         <object_component_ref idref="oc-39"/>
      </symbol>
      <symbol id="sm-16f">
         <name>TIMER5B_ISR</name>
         <value>0x16bf</value>
         <object_component_ref idref="oc-39"/>
      </symbol>
      <symbol id="sm-170">
         <name>TIMER4B_ISR</name>
         <value>0x1697</value>
         <object_component_ref idref="oc-39"/>
      </symbol>
      <symbol id="sm-171">
         <name>GPT_Init</name>
         <value>0x1529</value>
         <object_component_ref idref="oc-39"/>
      </symbol>
      <symbol id="sm-172">
         <name>TIMER</name>
         <value>0x2000069c</value>
         <object_component_ref idref="oc-c3"/>
      </symbol>
      <symbol id="sm-181">
         <name>PLL_Enable</name>
         <value>0x1945</value>
         <object_component_ref idref="oc-15c"/>
      </symbol>
      <symbol id="sm-1a1">
         <name>CallBack</name>
         <value>0x200003f4</value>
      </symbol>
      <symbol id="sm-1a2">
         <name>CallBackPassed</name>
         <value>0x200003f8</value>
      </symbol>
      <symbol id="sm-1a3">
         <name>Systick_PassFunc</name>
         <value>0x1899</value>
         <object_component_ref idref="oc-2d"/>
      </symbol>
      <symbol id="sm-1a4">
         <name>SysTick_ISR</name>
         <value>0x1871</value>
         <object_component_ref idref="oc-2d"/>
      </symbol>
      <symbol id="sm-1a5">
         <name>i</name>
         <value>0x20000672</value>
         <object_component_ref idref="oc-89"/>
      </symbol>
      <symbol id="sm-1a6">
         <name>SysTick_Init</name>
         <value>0x1849</value>
         <object_component_ref idref="oc-2d"/>
      </symbol>
      <symbol id="sm-261">
         <name>Uart0_Receive</name>
         <value>0x20000364</value>
      </symbol>
      <symbol id="sm-262">
         <name>Uart1_Receive</name>
         <value>0x20000378</value>
      </symbol>
      <symbol id="sm-263">
         <name>Uart2_Receive</name>
         <value>0x200003dc</value>
      </symbol>
      <symbol id="sm-264">
         <name>Uart3_Receive</name>
         <value>0x2000038c</value>
      </symbol>
      <symbol id="sm-265">
         <name>Uart4_Receive</name>
         <value>0x200003a0</value>
      </symbol>
      <symbol id="sm-266">
         <name>Uart5_Receive</name>
         <value>0x200003e8</value>
      </symbol>
      <symbol id="sm-267">
         <name>Uart6_Receive</name>
         <value>0x200003b4</value>
      </symbol>
      <symbol id="sm-268">
         <name>Uart7_Receive</name>
         <value>0x200003c8</value>
      </symbol>
      <symbol id="sm-269">
         <name>arrBack</name>
         <value>0x20000000</value>
      </symbol>
      <symbol id="sm-26a">
         <name>UART2_ISR</name>
         <value>0x12a9</value>
         <object_component_ref idref="oc-33"/>
      </symbol>
      <symbol id="sm-26b">
         <name>UART</name>
         <value>0x20000641</value>
         <object_component_ref idref="oc-94"/>
      </symbol>
      <symbol id="sm-26c">
         <name>ReceiveComplete4</name>
         <value>0x20000620</value>
         <object_component_ref idref="oc-a0"/>
      </symbol>
      <symbol id="sm-26d">
         <name>ReceiveComplete5</name>
         <value>0x20000628</value>
         <object_component_ref idref="oc-a0"/>
      </symbol>
      <symbol id="sm-26e">
         <name>ReceiveComplete6</name>
         <value>0x20000630</value>
         <object_component_ref idref="oc-a0"/>
      </symbol>
      <symbol id="sm-26f">
         <name>ReceiveComplete7</name>
         <value>0x20000638</value>
         <object_component_ref idref="oc-a0"/>
      </symbol>
      <symbol id="sm-270">
         <name>ReceiveComplete0</name>
         <value>0x20000600</value>
         <object_component_ref idref="oc-a0"/>
      </symbol>
      <symbol id="sm-271">
         <name>ReceiveComplete1</name>
         <value>0x20000608</value>
         <object_component_ref idref="oc-a0"/>
      </symbol>
      <symbol id="sm-272">
         <name>ReceiveComplete2</name>
         <value>0x20000610</value>
         <object_component_ref idref="oc-a0"/>
      </symbol>
      <symbol id="sm-273">
         <name>UART5_ISR</name>
         <value>0x13b5</value>
         <object_component_ref idref="oc-33"/>
      </symbol>
      <symbol id="sm-274">
         <name>ReceiveComplete3</name>
         <value>0x20000618</value>
         <object_component_ref idref="oc-a0"/>
      </symbol>
      <symbol id="sm-275">
         <name>UART4_ISR</name>
         <value>0x1359</value>
         <object_component_ref idref="oc-33"/>
      </symbol>
      <symbol id="sm-276">
         <name>UART_Read_String</name>
         <value>0x1165</value>
         <object_component_ref idref="oc-33"/>
      </symbol>
      <symbol id="sm-277">
         <name>UART7_ISR</name>
         <value>0x1451</value>
         <object_component_ref idref="oc-33"/>
      </symbol>
      <symbol id="sm-278">
         <name>UART6_ISR</name>
         <value>0x13ff</value>
         <object_component_ref idref="oc-33"/>
      </symbol>
      <symbol id="sm-279">
         <name>UART_Recieve</name>
         <value>0x108d</value>
         <object_component_ref idref="oc-33"/>
      </symbol>
      <symbol id="sm-27a">
         <name>i7</name>
         <value>0x2000063c</value>
         <object_component_ref idref="oc-a0"/>
      </symbol>
      <symbol id="sm-27b">
         <name>i6</name>
         <value>0x20000634</value>
         <object_component_ref idref="oc-a0"/>
      </symbol>
      <symbol id="sm-27c">
         <name>i5</name>
         <value>0x2000062c</value>
         <object_component_ref idref="oc-a0"/>
      </symbol>
      <symbol id="sm-27d">
         <name>i4</name>
         <value>0x20000624</value>
         <object_component_ref idref="oc-a0"/>
      </symbol>
      <symbol id="sm-27e">
         <name>i3</name>
         <value>0x2000061c</value>
         <object_component_ref idref="oc-a0"/>
      </symbol>
      <symbol id="sm-27f">
         <name>i2</name>
         <value>0x20000614</value>
         <object_component_ref idref="oc-a0"/>
      </symbol>
      <symbol id="sm-280">
         <name>i1</name>
         <value>0x2000060c</value>
         <object_component_ref idref="oc-a0"/>
      </symbol>
      <symbol id="sm-281">
         <name>i0</name>
         <value>0x20000604</value>
         <object_component_ref idref="oc-a0"/>
      </symbol>
      <symbol id="sm-282">
         <name>UART1_ISR</name>
         <value>0x125d</value>
         <object_component_ref idref="oc-33"/>
      </symbol>
      <symbol id="sm-283">
         <name>UART0_ISR</name>
         <value>0x1205</value>
         <object_component_ref idref="oc-33"/>
      </symbol>
      <symbol id="sm-284">
         <name>UART_Write_String</name>
         <value>0x1121</value>
         <object_component_ref idref="oc-33"/>
      </symbol>
      <symbol id="sm-285">
         <name>data</name>
         <value>0x20000640</value>
         <object_component_ref idref="oc-a0"/>
      </symbol>
      <symbol id="sm-286">
         <name>UART3_ISR</name>
         <value>0x12f9</value>
         <object_component_ref idref="oc-33"/>
      </symbol>
      <symbol id="sm-287">
         <name>UART_Init</name>
         <value>0xe5d</value>
         <object_component_ref idref="oc-33"/>
      </symbol>
      <symbol id="sm-288">
         <name>UART_Transmit</name>
         <value>0x106b</value>
         <object_component_ref idref="oc-33"/>
      </symbol>
      <symbol id="sm-2a7">
         <name>DisableInterrupts</name>
         <value>0x170d</value>
         <object_component_ref idref="oc-8e"/>
      </symbol>
      <symbol id="sm-2a8">
         <name>NVIC_Enable_Rs</name>
         <value>0x20000688</value>
         <object_component_ref idref="oc-120"/>
      </symbol>
      <symbol id="sm-2a9">
         <name>EnableInterrupts</name>
         <value>0x1711</value>
         <object_component_ref idref="oc-8e"/>
      </symbol>
      <symbol id="sm-2aa">
         <name>NVIC_DisableIRQ</name>
         <value>0x175d</value>
         <object_component_ref idref="oc-8e"/>
      </symbol>
      <symbol id="sm-2ab">
         <name>NVIC_Disable_Rs</name>
         <value>0x20000674</value>
         <object_component_ref idref="oc-123"/>
      </symbol>
      <symbol id="sm-2ac">
         <name>NVIC_EnableIRQ</name>
         <value>0x1715</value>
         <object_component_ref idref="oc-8e"/>
      </symbol>
      <symbol id="sm-2be">
         <name>__TI_zero_init</name>
         <value>0x1afb</value>
         <object_component_ref idref="oc-65"/>
      </symbol>
      <symbol id="sm-2d5">
         <name>__TI_decompress_none</name>
         <value>0x1aed</value>
         <object_component_ref idref="oc-1b"/>
      </symbol>
      <symbol id="sm-2f8">
         <name>__TI_decompress_lzss</name>
         <value>0x19bd</value>
         <object_component_ref idref="oc-15"/>
      </symbol>
      <symbol id="sm-306">
         <name>strcpy</name>
         <value>0x1ad9</value>
         <object_component_ref idref="oc-97"/>
      </symbol>
      <symbol id="sm-319">
         <name>__stack</name>
         <value>0x20000400</value>
         <object_component_ref idref="oc-24"/>
      </symbol>
      <symbol id="sm-31a">
         <name>_c_int00_noargs</name>
         <value>0x1aa5</value>
         <object_component_ref idref="oc-71"/>
      </symbol>
      <symbol id="sm-329">
         <name>__aeabi_memset</name>
         <value>0x18cb</value>
         <object_component_ref idref="oc-fe"/>
      </symbol>
      <symbol id="sm-32a">
         <name>memset</name>
         <value>0x18d1</value>
         <object_component_ref idref="oc-fe"/>
      </symbol>
      <symbol id="sm-32b">
         <name>__aeabi_memset8</name>
         <value>0x18cb</value>
         <object_component_ref idref="oc-fe"/>
      </symbol>
      <symbol id="sm-32c">
         <name>__aeabi_memset4</name>
         <value>0x18cb</value>
         <object_component_ref idref="oc-fe"/>
      </symbol>
      <symbol id="sm-32d">
         <name>__aeabi_memclr8</name>
         <value>0x18c9</value>
         <object_component_ref idref="oc-fe"/>
      </symbol>
      <symbol id="sm-32e">
         <name>__aeabi_memclr4</name>
         <value>0x18c9</value>
         <object_component_ref idref="oc-fe"/>
      </symbol>
      <symbol id="sm-32f">
         <name>__aeabi_memclr</name>
         <value>0x18c9</value>
         <object_component_ref idref="oc-fe"/>
      </symbol>
      <symbol id="sm-34a">
         <name>memcpy</name>
         <value>0x17ad</value>
         <object_component_ref idref="oc-53"/>
      </symbol>
      <symbol id="sm-34b">
         <name>__aeabi_memcpy</name>
         <value>0x17ad</value>
         <object_component_ref idref="oc-53"/>
      </symbol>
      <symbol id="sm-34c">
         <name>__aeabi_memcpy8</name>
         <value>0x17ad</value>
         <object_component_ref idref="oc-53"/>
      </symbol>
      <symbol id="sm-34d">
         <name>__aeabi_memcpy4</name>
         <value>0x17ad</value>
         <object_component_ref idref="oc-53"/>
      </symbol>
      <symbol id="sm-375">
         <name>__TI_auto_init_nobinit_nopinit</name>
         <value>0x1a25</value>
         <object_component_ref idref="oc-175"/>
      </symbol>
      <symbol id="sm-37f">
         <name>_system_pre_init</name>
         <value>0x1b13</value>
         <object_component_ref idref="oc-104"/>
      </symbol>
      <symbol id="sm-38b">
         <name>C$$EXIT</name>
         <value>0x1b17</value>
         <object_component_ref idref="oc-169"/>
      </symbol>
      <symbol id="sm-38c">
         <name>abort</name>
         <value>0x1b17</value>
         <object_component_ref idref="oc-169"/>
      </symbol>
      <symbol id="sm-38f">
         <name>__TI_static_base__</name>
         <value>0x0</value>
      </symbol>
      <symbol id="sm-392">
         <name>__mpu_init</name>
         <value>0x0</value>
      </symbol>
      <symbol id="sm-393">
         <name>_system_post_cinit</name>
         <value>0x0</value>
      </symbol>
   </symbol_table>
   <title>Link successful</title>
</link_info>
